// Jest Snapshot v1, https://goo.gl/fbAQLP

exports[`renders correctly across screens 1`] = `
<View
  style={
    {
      "alignItems": "center",
      "flex": 1,
      "justifyContent": "center",
    }
  }
>
  <RCTScrollView
    style={
      {
        "flex": 1,
      }
    }
  >
    <View>
      <View
        style={
          {
            "height": 1334,
            "width": 750,
          }
        }
      >
        <Text
          style={
            {
              "alignSelf": "center",
              "color": "#F8C98A",
              "fontSize": 35,
              "position": "absolute",
              "top": 100,
            }
          }
        >
          Create New Account
        </Text>
        <View
          style={
            {
              "alignSelf": "center",
              "position": "absolute",
              "top": 200,
            }
          }
        >
          <Text
            style={
              {
                "color": "#3A6496",
                "fontSize": 14,
                "paddingBottom": 5,
                "paddingTop": 10,
              }
            }
          >
            Enter Username
          </Text>
          <TextInput
            placeholder=""
            style={
              {
                "backgroundColor": "#DADADA",
                "borderRadius": 5,
                "fontSize": 20,
                "height": "20%",
                "paddingLeft": 10,
                "width": 350,
              }
            }
            testID="username"
          />
          <Text
            style={
              {
                "color": "#3A6496",
                "fontSize": 14,
                "paddingBottom": 5,
                "paddingTop": 10,
              }
            }
          >
            Enter Password
          </Text>
          <TextInput
            placeholder=""
            secureTextEntry={true}
            style={
              {
                "backgroundColor": "#DADADA",
                "borderRadius": 5,
                "fontSize": 20,
                "height": "20%",
                "paddingLeft": 10,
                "width": 350,
              }
            }
            testID="password"
          />
          <Text
            style={
              {
                "color": "#3A6496",
                "fontSize": 14,
                "paddingBottom": 5,
                "paddingTop": 10,
              }
            }
          >
            Re-enter Password
          </Text>
          <TextInput
            placeholder=""
            secureTextEntry={true}
            style={
              {
                "backgroundColor": "#DADADA",
                "borderRadius": 5,
                "fontSize": 20,
                "height": "20%",
                "paddingLeft": 10,
                "width": 350,
              }
            }
            testID="repPassword"
          />
        </View>
        <View
          style={
            {
              "alignItems": "center",
              "alignSelf": "center",
              "bottom": 80,
              "flex": 1,
              "flexDirection": "row",
              "height": "20%",
              "justifyContent": "center",
              "position": "absolute",
              "width": "70%",
            }
          }
        >
          <View
            accessibilityState={
              {
                "busy": undefined,
                "checked": undefined,
                "disabled": undefined,
                "expanded": undefined,
                "selected": undefined,
              }
            }
            accessibilityValue={
              {
                "max": undefined,
                "min": undefined,
                "now": undefined,
                "text": undefined,
              }
            }
            accessible={true}
            collapsable={false}
            focusable={false}
            onClick={[Function]}
            onResponderGrant={[Function]}
            onResponderMove={[Function]}
            onResponderRelease={[Function]}
            onResponderTerminate={[Function]}
            onResponderTerminationRequest={[Function]}
            onStartShouldSetResponder={[Function]}
            style={
              {
                "alignItems": "center",
                "backgroundColor": "#D28A8E",
                "borderRadius": 5,
                "flexDirection": "row",
                "justifyContent": "center",
                "opacity": 1,
                "padding": 15,
                "width": "100%",
              }
            }
            testID="nextButton"
          >
            <Text
              style={
                {
                  "color": "#F6F6F6",
                  "fontSize": 20,
                  "paddingRight": 10,
                }
              }
            >
              Next
            </Text>
          </View>
        </View>
        <View
          style={
            {
              "alignItems": "center",
              "alignSelf": "center",
              "bottom": 10,
              "flex": 1,
              "flexDirection": "row",
              "height": "20%",
              "justifyContent": "center",
              "position": "absolute",
              "width": "70%",
            }
          }
        >
          <View
            accessibilityState={
              {
                "busy": undefined,
                "checked": undefined,
                "disabled": undefined,
                "expanded": undefined,
                "selected": undefined,
              }
            }
            accessibilityValue={
              {
                "max": undefined,
                "min": undefined,
                "now": undefined,
                "text": undefined,
              }
            }
            accessible={true}
            collapsable={false}
            focusable={true}
            onClick={[Function]}
            onResponderGrant={[Function]}
            onResponderMove={[Function]}
            onResponderRelease={[Function]}
            onResponderTerminate={[Function]}
            onResponderTerminationRequest={[Function]}
            onStartShouldSetResponder={[Function]}
            style={
              {
                "alignItems": "center",
                "backgroundColor": "#3A6496",
                "borderRadius": 5,
                "flexDirection": "row",
                "justifyContent": "center",
                "opacity": 1,
                "padding": 15,
                "width": "100%",
              }
            }
            testID="backButton"
          >
            <Text
              style={
                {
                  "color": "#F6F6F6",
                  "fontSize": 20,
                  "paddingLeft": 10,
                }
              }
            >
              Previous
            </Text>
          </View>
        </View>
      </View>
    </View>
  </RCTScrollView>
</View>
`;
