// Jest Snapshot v1, https://goo.gl/fbAQLP

exports[`renders correctly across screens 1`] = `
<View
  style={
    {
      "alignItems": "center",
      "backgroundColor": "white",
      "flex": 1,
      "justifyContent": "center",
    }
  }
>
  <View
    style={
      {
        "alignItems": "center",
        "position": "absolute",
        "top": 300,
        "width": "100%",
      }
    }
  >
    <View
      onLayout={[Function]}
      style={
        [
          {
            "backgroundColor": "#DADADA",
            "borderRadius": 5,
            "flexDirection": "row",
            "opacity": 0.75,
            "top": -280,
            "width": "95%",
          },
          {
            "paddingBottom": 0,
          },
        ]
      }
    >
      <TextInput
        placeholder="Search"
        style={
          {
            "color": "#3A6496",
            "fontSize": 18,
            "marginBottom": 5,
            "marginLeft": 10,
            "marginTop": 5,
          }
        }
        testID="searchBar"
        value=""
      />
    </View>
  </View>
  <View
    onLayout={[Function]}
    style={
      {
        "alignItems": "center",
        "bottom": 0,
        "position": "absolute",
      }
    }
  >
    <View
      style={
        {
          "alignContent": "center",
          "backgroundColor": "#D9D9D9",
          "flexDirection": "row",
          "height": 60,
          "justifyContent": "space-around",
          "width": "100%",
        }
      }
    >
      <View />
      <View
        accessibilityState={
          {
            "busy": undefined,
            "checked": undefined,
            "disabled": undefined,
            "expanded": undefined,
            "selected": undefined,
          }
        }
        accessibilityValue={
          {
            "max": undefined,
            "min": undefined,
            "now": undefined,
            "text": undefined,
          }
        }
        accessible={true}
        collapsable={false}
        focusable={true}
        onClick={[Function]}
        onResponderGrant={[Function]}
        onResponderMove={[Function]}
        onResponderRelease={[Function]}
        onResponderTerminate={[Function]}
        onResponderTerminationRequest={[Function]}
        onStartShouldSetResponder={[Function]}
        style={
          {
            "alignItems": "center",
            "height": 50,
            "justifyContent": "center",
            "marginBottom": 5,
            "marginLeft": 15,
            "marginRight": 15,
            "marginTop": 5,
            "opacity": 1,
            "width": 50,
          }
        }
      />
      <View
        accessibilityState={
          {
            "busy": undefined,
            "checked": undefined,
            "disabled": undefined,
            "expanded": undefined,
            "selected": undefined,
          }
        }
        accessibilityValue={
          {
            "max": undefined,
            "min": undefined,
            "now": undefined,
            "text": undefined,
          }
        }
        accessible={true}
        collapsable={false}
        focusable={true}
        onClick={[Function]}
        onResponderGrant={[Function]}
        onResponderMove={[Function]}
        onResponderRelease={[Function]}
        onResponderTerminate={[Function]}
        onResponderTerminationRequest={[Function]}
        onStartShouldSetResponder={[Function]}
        style={
          {
            "alignItems": "center",
            "height": 50,
            "justifyContent": "center",
            "marginBottom": 5,
            "marginLeft": 15,
            "marginRight": 15,
            "marginTop": 5,
            "opacity": 1,
            "width": 50,
          }
        }
      />
      <View
        accessibilityState={
          {
            "busy": undefined,
            "checked": undefined,
            "disabled": undefined,
            "expanded": undefined,
            "selected": undefined,
          }
        }
        accessibilityValue={
          {
            "max": undefined,
            "min": undefined,
            "now": undefined,
            "text": undefined,
          }
        }
        accessible={true}
        collapsable={false}
        focusable={true}
        onClick={[Function]}
        onResponderGrant={[Function]}
        onResponderMove={[Function]}
        onResponderRelease={[Function]}
        onResponderTerminate={[Function]}
        onResponderTerminationRequest={[Function]}
        onStartShouldSetResponder={[Function]}
        style={
          {
            "alignItems": "center",
            "height": 50,
            "justifyContent": "center",
            "marginBottom": 5,
            "marginLeft": 15,
            "marginRight": 15,
            "marginTop": 5,
            "opacity": 1,
            "width": 50,
          }
        }
      />
      <View
        accessibilityState={
          {
            "busy": undefined,
            "checked": undefined,
            "disabled": undefined,
            "expanded": undefined,
            "selected": undefined,
          }
        }
        accessibilityValue={
          {
            "max": undefined,
            "min": undefined,
            "now": undefined,
            "text": undefined,
          }
        }
        accessible={true}
        collapsable={false}
        focusable={true}
        onClick={[Function]}
        onResponderGrant={[Function]}
        onResponderMove={[Function]}
        onResponderRelease={[Function]}
        onResponderTerminate={[Function]}
        onResponderTerminationRequest={[Function]}
        onStartShouldSetResponder={[Function]}
        style={
          {
            "alignItems": "center",
            "height": 50,
            "justifyContent": "center",
            "marginBottom": 5,
            "marginLeft": 15,
            "marginRight": 15,
            "marginTop": 5,
            "opacity": 1,
            "width": 50,
          }
        }
      />
      <View
        accessibilityState={
          {
            "busy": undefined,
            "checked": undefined,
            "disabled": undefined,
            "expanded": undefined,
            "selected": undefined,
          }
        }
        accessibilityValue={
          {
            "max": undefined,
            "min": undefined,
            "now": undefined,
            "text": undefined,
          }
        }
        accessible={true}
        collapsable={false}
        focusable={true}
        onClick={[Function]}
        onResponderGrant={[Function]}
        onResponderMove={[Function]}
        onResponderRelease={[Function]}
        onResponderTerminate={[Function]}
        onResponderTerminationRequest={[Function]}
        onStartShouldSetResponder={[Function]}
        style={
          {
            "alignItems": "center",
            "height": 50,
            "justifyContent": "center",
            "marginBottom": 5,
            "marginLeft": 15,
            "marginRight": 15,
            "marginTop": 5,
            "opacity": 1,
            "width": 50,
          }
        }
      />
      <Text />
      <View />
    </View>
  </View>
</View>
`;
