// Jest Snapshot v1, https://goo.gl/fbAQLP

exports[`renders correctly across screens 1`] = `
<View
  style={
    {
      "alignItems": "center",
      "backgroundColor": "white",
      "flex": 1,
      "flexDirection": "column",
      "justifyContent": "center",
    }
  }
>
  <View
    accessibilityState={
      {
        "busy": undefined,
        "checked": undefined,
        "disabled": undefined,
        "expanded": undefined,
        "selected": undefined,
      }
    }
    accessibilityValue={
      {
        "max": undefined,
        "min": undefined,
        "now": undefined,
        "text": undefined,
      }
    }
    accessible={true}
    collapsable={false}
    focusable={true}
    onBlur={[Function]}
    onClick={[Function]}
    onFocus={[Function]}
    onResponderGrant={[Function]}
    onResponderMove={[Function]}
    onResponderRelease={[Function]}
    onResponderTerminate={[Function]}
    onResponderTerminationRequest={[Function]}
    onStartShouldSetResponder={[Function]}
    style={
      {
        "alignContent": "center",
        "backgroundColor": "rgba(217,217,217, 0.05)",
        "borderColor": "rgba(217,217,217, 0.7)",
        "borderWidth": 1,
        "flexDirection": "row",
        "height": "15%",
        "justifyContent": "space-around",
        "width": "100%",
      }
    }
    testID="logoutButton"
  >
    <Text
      style={
        {
          "alignSelf": "center",
          "color": "#3A6496",
          "fontSize": 20,
          "opacity": 0.8,
          "right": 50,
        }
      }
    >
      Logout
    </Text>
  </View>
</View>
`;
